Traceback (most recent call last):
  File "C:\Users\shubh\Antigravity\backend\main.py", line 64, in shield_image
    protected_image_bytes = apply_adversarial_noise(contents, intensity)
  File "C:\Users\shubh\Antigravity\backend\core_protection\noise_generator.py", line 78, in apply_adversarial_noise
    orig_latents = vae.encode(preprocess_for_vae(input_tensor)).latent_dist.mean
                              ~~~~~~~~~~~~~~~~~~^^^^^^^^^^^^^^
  File "C:\Users\shubh\Antigravity\backend\core_protection\noise_generator.py", line 26, in preprocess_for_vae
    return img_tensor * 2.0 - 1.0
           ~~~~~~~~~~~^~~~~
RuntimeError: CUDA error: no kernel image is available for execution on the device
CUDA kernel errors might be asynchronously reported at some other API call, so the stacktrace below might be incorrect.
For debugging consider passing CUDA_LAUNCH_BLOCKING=1
Compile with `TORCH_USE_CUDA_DSA` to enable device-side assertions.

